<html>
<body>
<pre>
<h1>µVision Build Log</h1>
<h2>Tool Versions:</h2>
IDE-Version: µVision V5.29.0.0
Copyright (C) 2019 ARM Ltd and ARM Germany GmbH. All rights reserved.
License Information: Eslam Aboutaleb, Eslam Aboutaleb, LIC=14HKP-MRG6P-PZVWB-2CJ0W-8HHE8-E88FM
 
Tool Versions:
Toolchain:       MDK-ARM Plus  Version: 5.29.0.0
Toolchain Path:  C:\Keil_v5\ARM\ARMCC\Bin
C Compiler:      Armcc.exe V5.06 update 6 (build 750)
Assembler:       Armasm.exe V5.06 update 6 (build 750)
Linker/Locator:  ArmLink.exe V5.06 update 6 (build 750)
Library Manager: ArmAr.exe V5.06 update 6 (build 750)
Hex Converter:   FromElf.exe V5.06 update 6 (build 750)
CPU DLL:         SARMCM3.DLL V5.29.0.0
Dialog DLL:      DCM.DLL V1.17.3.0
Target DLL:      UL2CM3.DLL V1.163.0.0
Dialog DLL:      TCM.DLL V1.36.5.0
 
<h2>Project:</h2>
C:\Users\Dell\Documents\Keil\Digital clock\Digital_Clock.uvprojx
Project File Date:  05/09/2020

<h2>Output:</h2>
*** Using Compiler 'V5.06 update 6 (build 750)', folder: 'C:\Keil_v5\ARM\ARMCC\Bin'
Build target 'Target 1'
compiling SW.c...
compiling Display.c...
Display.c(110): warning:  #188-D: enumerated type mixed with another type
      SSD_SetValue(SSD_MINUTES_UNITS, time-> minutes %10);
Display.c(111): warning:  #188-D: enumerated type mixed with another type
      SSD_SetValue(SSD_MINUTES_TENS, time->minutes /10);
Display.c(112): warning:  #188-D: enumerated type mixed with another type
      SSD_SetValue(SSD_HOURS_UNITS, time->hours %10);
Display.c(113): warning:  #188-D: enumerated type mixed with another type
      SSD_SetValue(SSD_HOURS_TENS, time->hours /10);
Display.c(123): warning:  #188-D: enumerated type mixed with another type
          SSD_SetValue(SSD_HOURS_UNITS, time->hours %10);
Display.c(124): warning:  #188-D: enumerated type mixed with another type
          SSD_SetValue(SSD_HOURS_TENS, time->hours /10);
Display.c(130): warning:  #188-D: enumerated type mixed with another type
      SSD_SetValue(SSD_MINUTES_UNITS, time-> minutes %10);
Display.c(131): warning:  #188-D: enumerated type mixed with another type
      SSD_SetValue(SSD_MINUTES_TENS, time->minutes /10);
Display.c(142): warning:  #188-D: enumerated type mixed with another type
          SSD_SetValue(SSD_MINUTES_UNITS, time->minutes %10);
Display.c(143): warning:  #188-D: enumerated type mixed with another type
          SSD_SetValue(SSD_MINUTES_TENS, time->minutes /10);
Display.c(149): warning:  #188-D: enumerated type mixed with another type
      SSD_SetValue(SSD_HOURS_UNITS, time-> hours %10);
Display.c(150): warning:  #188-D: enumerated type mixed with another type
      SSD_SetValue(SSD_HOURS_TENS, time->hours /10);
Display.c: 12 warnings, 0 errors
compiling SSD.c...
SSD.c(122): warning:  #188-D: enumerated type mixed with another type
              ret = GPIO_ReadPortPin(SSD_MINUTES_UNITS_DR, SSD_MINUTES_UNITS_PIN);
SSD.c(125): warning:  #188-D: enumerated type mixed with another type
              ret = GPIO_ReadPortPin(SSD_MINUTES_TENS_DR, SSD_MINUTES_TENS_PIN);
SSD.c(128): warning:  #188-D: enumerated type mixed with another type
              ret = GPIO_ReadPortPin(SSD_HOURS_UNITS_DR, SSD_HOURS_UNITS_PIN);
SSD.c(131): warning:  #188-D: enumerated type mixed with another type
              ret = GPIO_ReadPortPin(SSD_HOURS_TENS_DR, SSD_HOURS_TENS_PIN);
SSD.c: 4 warnings, 0 errors
compiling main_SupportFunctions.c...
compiling Timer_program.c...
compiling Time.c...
compiling ForeGround_prog.c...
compiling DigitalClock.c...
linking...
Program Size: Code=3976 RO-data=484 RW-data=44 ZI-data=1636  
".\Objects\Digital_Clock.axf" - 0 Error(s), 16 Warning(s).

<h2>Software Packages used:</h2>

Package Vendor: ARM
                http://www.keil.com/pack/ARM.CMSIS.5.7.0.pack
                ARM.CMSIS.5.7.0
                CMSIS (Cortex Microcontroller Software Interface Standard)
   * Component: CORE Version: 5.4.0

Package Vendor: Keil
                http://www.keil.com/pack/Keil.STM32F4xx_DFP.2.14.0.pack
                Keil.STM32F4xx_DFP.2.14.0
                STMicroelectronics STM32F4 Series Device Support, Drivers and Examples
   * Component: Startup Version: 2.6.3

<h2>Collection of Component include folders:</h2>
  .\RTE\_Target_1
  C:\Users\Dell\AppData\Local\Arm\Packs\ARM\CMSIS\5.7.0\CMSIS\Core\Include
  C:\Users\Dell\AppData\Local\Arm\Packs\Keil\STM32F4xx_DFP\2.14.0\Drivers\CMSIS\Device\ST\STM32F4xx\Include

<h2>Collection of Component Files used:</h2>

   * Component: ARM::CMSIS:CORE:5.4.0

   * Component: Keil::Device:Startup:2.6.3
      Source file:   MDK\Device\Source\ARM\STM32F446xx_OPT.s
      Source file:   MDK\Device\Source\ARM\STM32F4xx_OTP.s
      Source file:   Drivers\CMSIS\Device\ST\STM32F4xx\Source\Templates\arm\startup_stm32f446xx.s
      Include file:  Drivers\CMSIS\Device\ST\STM32F4xx\Include\stm32f4xx.h
      Source file:   Drivers\CMSIS\Device\ST\STM32F4xx\Source\Templates\system_stm32f4xx.c
Build Time Elapsed:  00:00:01
</pre>
</body>
</html>
