Component: ARM Compiler 5.06 update 6 (build 750) Tool: armlink [4d35ed]

==============================================================================

Section Cross References

    gpio_prog.o(i.GPIO_Init) refers to gpio_prog.o(i.GPIO_ConfgPin_Mode) for GPIO_ConfgPin_Mode
    gpio_prog.o(i.GPIO_Init) refers to gpio_prog.o(i.GPIO_ConfgPin_OP_Type) for GPIO_ConfgPin_OP_Type
    gpio_prog.o(i.GPIO_Init) refers to gpio_prog.o(i.GPIO_ConfgPin_Speed) for GPIO_ConfgPin_Speed
    gpio_prog.o(i.GPIO_Init) refers to gpio_prog.o(i.GPIO_ConfgPin_Pull) for GPIO_ConfgPin_Pull
    gpio_prog.o(i.GPIO_Init) refers to gpio_prog.o(i.GPIO_ConfgPin_AF) for GPIO_ConfgPin_AF
    gpio_prog.o(i.GPIO_InitPortPin) refers to gpio_prog.o(i.GPIO_Init) for GPIO_Init
    timer_program.o(i.TIM_Init) refers to timer_program.o(i.TIM_SetPeriodValue) for TIM_SetPeriodValue
    timer_program.o(i.TIM_Init) refers to timer_program.o(i.TIM_SetPrescalerValue) for TIM_SetPrescalerValue
    timer_program.o(i.TIM_Init) refers to timer_program.o(i.TIM_SetURS_State) for TIM_SetURS_State
    timer_program.o(i.TIM_Init) refers to timer_program.o(i.TIM_SetARR_Buffer) for TIM_SetARR_Buffer
    timer_program.o(i.TIM_Init) refers to timer_program.o(i.TIM_SetCMS_State) for TIM_SetCMS_State
    timer_program.o(i.TIM_Init) refers to timer_program.o(i.TIM_SetDirection) for TIM_SetDirection
    timer_program.o(i.TIM_Init) refers to timer_program.o(i.TIM_SetClkDiv) for TIM_SetClkDiv
    timer_program.o(i.TIM_Init) refers to timer_program.o(i.TIM_SetOPM_State) for TIM_SetOPM_State
    timer_program.o(i.TIM_Init) refers to timer_program.o(i.TIM_SetUD_Interrupt) for TIM_SetUD_Interrupt
    timer_program.o(i.TIM_Init) refers to timer_program.o(i.TIM_SetCounterState) for TIM_SetCounterState
    main_supportfunctions.o(i.OS_Timer_Init) refers to nvic.o(i.NVIC_Init) for NVIC_Init
    main_supportfunctions.o(i.OS_Timer_Init) refers to nvic.o(i.NVIC_EnableInterrupt) for NVIC_EnableInterrupt
    main_supportfunctions.o(i.OS_Timer_Init) refers to nvic.o(i.NVIC_SetPeriority) for NVIC_SetPeriority
    main_supportfunctions.o(i.OS_Timer_Init) refers to timer_program.o(i.TIM_Init) for TIM_Init
    main_supportfunctions.o(i.OS_Timer_Init) refers to main_supportfunctions.o(.data) for MILLIS_PRESCALER
    display.o(i.DISPToggleSecondsState) refers to ssd.o(i.SSD_SetDotState) for SSD_SetDotState
    display.o(i.DISPToggleSecondsState) refers to display.o(.data) for SecondsDotState
    display.o(i.DISP_BlinkHours) refers to ssd.o(i.SSD_GetValue) for SSD_GetValue
    display.o(i.DISP_BlinkHours) refers to ssd.o(i.SSD_SetValue) for SSD_SetValue
    display.o(i.DISP_BlinkHours) refers to ssd.o(i.SSD_SetDotState) for SSD_SetDotState
    display.o(i.DISP_BlinkHours) refers to display.o(.data) for SecondsDotState
    display.o(i.DISP_BlinkMinutes) refers to ssd.o(i.SSD_GetValue) for SSD_GetValue
    display.o(i.DISP_BlinkMinutes) refers to ssd.o(i.SSD_SetValue) for SSD_SetValue
    display.o(i.DISP_BlinkMinutes) refers to ssd.o(i.SSD_SetDotState) for SSD_SetDotState
    display.o(i.DISP_BlinkMinutes) refers to display.o(.data) for SecondsDotState
    display.o(i.DISP_BlinkSeconds) refers to ssd.o(i.SSD_SetValue) for SSD_SetValue
    display.o(i.DISP_BlinkSeconds) refers to display.o(i.DISPToggleSecondsState) for DISPToggleSecondsState
    display.o(i.DISP_Init) refers to ssd.o(i.SSD_Init) for SSD_Init
    display.o(i.DISP_Init) refers to ssd.o(i.SSD_SetValue) for SSD_SetValue
    display.o(i.DISP_Update) refers to time.o(i.TIME_GetTime) for TIME_GetTime
    display.o(i.DISP_Update) refers to time.o(i.TIME_GetState) for TIME_GetState
    display.o(i.DISP_Update) refers to display.o(i.DISP_BlinkSeconds) for DISP_BlinkSeconds
    display.o(i.DISP_Update) refers to display.o(i.DISP_BlinkHours) for DISP_BlinkHours
    display.o(i.DISP_Update) refers to display.o(i.DISP_BlinkMinutes) for DISP_BlinkMinutes
    display.o(i.DISP_Update) refers to display.o(.data) for DISP_counter
    ssd.o(i.SSD_GetState) refers to gpio_prog.o(i.GPIO_ReadPortPin) for GPIO_ReadPortPin
    ssd.o(i.SSD_GetValue) refers to ssd.o(.data) for SSD_Values
    ssd.o(i.SSD_Init) refers to gpio_prog.o(i.GPIO_InitPortPin) for GPIO_InitPortPin
    ssd.o(i.SSD_Init) refers to ssd.o(i.SSD_Out) for SSD_Out
    ssd.o(i.SSD_Init) refers to ssd.o(i.SSD_SetState) for SSD_SetState
    ssd.o(i.SSD_Out) refers to ssd.o(i.SSD_SetState) for SSD_SetState
    ssd.o(i.SSD_Out) refers to gpio_prog.o(i.GPIO_WritePortPin) for GPIO_WritePortPin
    ssd.o(i.SSD_Out) refers to ssd.o(.data) for SSD_Data
    ssd.o(i.SSD_SetDotState) refers to ssd.o(.data) for SSD_DotState
    ssd.o(i.SSD_SetState) refers to gpio_prog.o(i.GPIO_WritePortPin) for GPIO_WritePortPin
    ssd.o(i.SSD_SetState) refers to ssd.o(.data) for SSD_DotState
    ssd.o(i.SSD_SetValue) refers to ssd.o(.data) for SSD_Values
    ssd.o(i.SSD_Update) refers to ssd.o(i.SSD_Out) for SSD_Out
    ssd.o(i.SSD_Update) refers to ssd.o(.data) for SSD_counter
    sw.o(i.SW_GetState) refers to sw.o(.data) for SWs_Info
    sw.o(i.SW_Init) refers to gpio_prog.o(i.GPIO_InitPortPin) for GPIO_InitPortPin
    sw.o(i.SW_Init) refers to gpio_prog.o(i.GPIO_ConfgPin_Pull) for GPIO_ConfgPin_Pull
    sw.o(i.SW_Init) refers to sw.o(.data) for SWs_Info
    sw.o(i.SW_Update) refers to gpio_prog.o(i.GPIO_ReadPortPin) for GPIO_ReadPortPin
    sw.o(i.SW_Update) refers to sw.o(.data) for SW_counter
    time.o(i.TIME_GetState) refers to time.o(.data) for TIME_State
    time.o(i.TIME_GetTime) refers to time.o(.data) for TIME_CurrentTime
    time.o(i.TIME_Init) refers to time.o(.data) for TIME_CurrentTime
    time.o(i.TIME_Update) refers to sw.o(i.SW_GetState) for SW_GetState
    time.o(i.TIME_Update) refers to time.o(i.TIME_UpdateTime) for TIME_UpdateTime
    time.o(i.TIME_Update) refers to time.o(.data) for TIME_counter
    time.o(i.TIME_UpdateTime) refers to time.o(.data) for TIME_CurrentTime
    foreground_prog.o(i.TIM1_UP_TIM10_IRQHandler) refers to timer_program.o(i.TIM_ClearFlag) for TIM_ClearFlag
    foreground_prog.o(i.TIM1_UP_TIM10_IRQHandler) refers to ssd.o(i.SSD_Update) for SSD_Update
    foreground_prog.o(i.TIM1_UP_TIM10_IRQHandler) refers to sw.o(i.SW_Update) for SW_Update
    foreground_prog.o(i.TIM1_UP_TIM10_IRQHandler) refers to time.o(i.TIME_Update) for TIME_Update
    foreground_prog.o(i.TIM1_UP_TIM10_IRQHandler) refers to display.o(i.DISP_Update) for DISP_Update
    digitalclock.o(i.main) refers to sw.o(i.SW_Init) for SW_Init
    digitalclock.o(i.main) refers to display.o(i.DISP_Init) for DISP_Init
    digitalclock.o(i.main) refers to time.o(i.TIME_Init) for TIME_Init
    digitalclock.o(i.main) refers to main_supportfunctions.o(i.OS_Timer_Init) for OS_Timer_Init
    startup_stm32f446xx.o(STACK) refers (Special) to heapauxi.o(.text) for __use_two_region_memory
    startup_stm32f446xx.o(HEAP) refers (Special) to heapauxi.o(.text) for __use_two_region_memory
    startup_stm32f446xx.o(RESET) refers (Special) to heapauxi.o(.text) for __use_two_region_memory
    startup_stm32f446xx.o(RESET) refers to startup_stm32f446xx.o(STACK) for __initial_sp
    startup_stm32f446xx.o(RESET) refers to startup_stm32f446xx.o(.text) for Reset_Handler
    startup_stm32f446xx.o(RESET) refers to foreground_prog.o(i.TIM1_UP_TIM10_IRQHandler) for TIM1_UP_TIM10_IRQHandler
    startup_stm32f446xx.o(.text) refers (Special) to heapauxi.o(.text) for __use_two_region_memory
    startup_stm32f446xx.o(.text) refers to system_stm32f4xx.o(i.SystemInit) for SystemInit
    startup_stm32f446xx.o(.text) refers to __main.o(!!!main) for __main
    startup_stm32f446xx.o(.text) refers to startup_stm32f446xx.o(HEAP) for Heap_Mem
    startup_stm32f446xx.o(.text) refers to startup_stm32f446xx.o(STACK) for Stack_Mem
    system_stm32f4xx.o(i.SystemCoreClockUpdate) refers to system_stm32f4xx.o(.data) for SystemCoreClock
    system_stm32f4xx.o(i.SystemCoreClockUpdate) refers to system_stm32f4xx.o(.constdata) for AHBPrescTable
    __main.o(!!!main) refers to __rtentry.o(.ARM.Collect$$rtentry$$00000000) for __rt_entry
    __rtentry.o(.ARM.Collect$$rtentry$$00000000) refers (Special) to __rtentry2.o(.ARM.Collect$$rtentry$$0000000A) for __rt_entry_li
    __rtentry.o(.ARM.Collect$$rtentry$$00000000) refers (Special) to __rtentry2.o(.ARM.Collect$$rtentry$$0000000D) for __rt_entry_main
    __rtentry.o(.ARM.Collect$$rtentry$$00000000) refers (Special) to __rtentry2.o(.ARM.Collect$$rtentry$$0000000C) for __rt_entry_postli_1
    __rtentry.o(.ARM.Collect$$rtentry$$00000000) refers (Special) to __rtentry2.o(.ARM.Collect$$rtentry$$00000009) for __rt_entry_postsh_1
    __rtentry.o(.ARM.Collect$$rtentry$$00000000) refers (Special) to __rtentry2.o(.ARM.Collect$$rtentry$$00000002) for __rt_entry_presh_1
    __rtentry.o(.ARM.Collect$$rtentry$$00000000) refers (Special) to __rtentry4.o(.ARM.Collect$$rtentry$$00000004) for __rt_entry_sh
    __rtentry2.o(.ARM.Collect$$rtentry$$00000008) refers to boardinit2.o(.text) for _platform_post_stackheap_init
    __rtentry2.o(.ARM.Collect$$rtentry$$0000000A) refers to libinit.o(.ARM.Collect$$libinit$$00000000) for __rt_lib_init
    __rtentry2.o(.ARM.Collect$$rtentry$$0000000B) refers to boardinit3.o(.text) for _platform_post_lib_init
    __rtentry2.o(.ARM.Collect$$rtentry$$0000000D) refers to digitalclock.o(i.main) for main
    __rtentry2.o(.ARM.Collect$$rtentry$$0000000D) refers to exit.o(.text) for exit
    __rtentry2.o(.ARM.exidx) refers to __rtentry2.o(.ARM.Collect$$rtentry$$00000001) for .ARM.Collect$$rtentry$$00000001
    __rtentry2.o(.ARM.exidx) refers to __rtentry2.o(.ARM.Collect$$rtentry$$00000008) for .ARM.Collect$$rtentry$$00000008
    __rtentry2.o(.ARM.exidx) refers to __rtentry2.o(.ARM.Collect$$rtentry$$0000000A) for .ARM.Collect$$rtentry$$0000000A
    __rtentry2.o(.ARM.exidx) refers to __rtentry2.o(.ARM.Collect$$rtentry$$0000000B) for .ARM.Collect$$rtentry$$0000000B
    __rtentry2.o(.ARM.exidx) refers to __rtentry2.o(.ARM.Collect$$rtentry$$0000000D) for .ARM.Collect$$rtentry$$0000000D
    __rtentry4.o(.ARM.Collect$$rtentry$$00000004) refers to sys_stackheap_outer.o(.text) for __user_setup_stackheap
    __rtentry4.o(.ARM.exidx) refers to __rtentry4.o(.ARM.Collect$$rtentry$$00000004) for .ARM.Collect$$rtentry$$00000004
    sys_stackheap_outer.o(.text) refers to libspace.o(.text) for __user_perproc_libspace
    sys_stackheap_outer.o(.text) refers to startup_stm32f446xx.o(.text) for __user_initial_stackheap
    exit.o(.text) refers to rtexit.o(.ARM.Collect$$rtexit$$00000000) for __rt_exit
    libinit.o(.ARM.Collect$$libinit$$00000000) refers (Special) to libinit2.o(.ARM.Collect$$libinit$$0000002E) for __rt_lib_init_alloca_1
    libinit.o(.ARM.Collect$$libinit$$00000000) refers (Special) to libinit2.o(.ARM.Collect$$libinit$$0000002C) for __rt_lib_init_argv_1
    libinit.o(.ARM.Collect$$libinit$$00000000) refers (Special) to libinit2.o(.ARM.Collect$$libinit$$0000001B) for __rt_lib_init_atexit_1
    libinit.o(.ARM.Collect$$libinit$$00000000) refers (Special) to libinit2.o(.ARM.Collect$$libinit$$00000021) for __rt_lib_init_clock_1
    libinit.o(.ARM.Collect$$libinit$$00000000) refers (Special) to libinit2.o(.ARM.Collect$$libinit$$00000032) for __rt_lib_init_cpp_1
    libinit.o(.ARM.Collect$$libinit$$00000000) refers (Special) to libinit2.o(.ARM.Collect$$libinit$$00000030) for __rt_lib_init_exceptions_1
    libinit.o(.ARM.Collect$$libinit$$00000000) refers (Special) to libinit2.o(.ARM.Collect$$libinit$$00000001) for __rt_lib_init_fp_1
    libinit.o(.ARM.Collect$$libinit$$00000000) refers (Special) to libinit2.o(.ARM.Collect$$libinit$$0000001F) for __rt_lib_init_fp_trap_1
    libinit.o(.ARM.Collect$$libinit$$00000000) refers (Special) to libinit2.o(.ARM.Collect$$libinit$$00000023) for __rt_lib_init_getenv_1
    libinit.o(.ARM.Collect$$libinit$$00000000) refers (Special) to libinit2.o(.ARM.Collect$$libinit$$0000000A) for __rt_lib_init_heap_1
    libinit.o(.ARM.Collect$$libinit$$00000000) refers (Special) to libinit2.o(.ARM.Collect$$libinit$$00000011) for __rt_lib_init_lc_collate_1
    libinit.o(.ARM.Collect$$libinit$$00000000) refers (Special) to libinit2.o(.ARM.Collect$$libinit$$00000013) for __rt_lib_init_lc_ctype_1
    libinit.o(.ARM.Collect$$libinit$$00000000) refers (Special) to libinit2.o(.ARM.Collect$$libinit$$00000015) for __rt_lib_init_lc_monetary_1
    libinit.o(.ARM.Collect$$libinit$$00000000) refers (Special) to libinit2.o(.ARM.Collect$$libinit$$00000017) for __rt_lib_init_lc_numeric_1
    libinit.o(.ARM.Collect$$libinit$$00000000) refers (Special) to libinit2.o(.ARM.Collect$$libinit$$00000019) for __rt_lib_init_lc_time_1
    libinit.o(.ARM.Collect$$libinit$$00000000) refers (Special) to libinit2.o(.ARM.Collect$$libinit$$00000004) for __rt_lib_init_preinit_1
    libinit.o(.ARM.Collect$$libinit$$00000000) refers (Special) to libinit2.o(.ARM.Collect$$libinit$$0000000E) for __rt_lib_init_rand_1
    libinit.o(.ARM.Collect$$libinit$$00000000) refers (Special) to libinit2.o(.ARM.Collect$$libinit$$00000033) for __rt_lib_init_return
    libinit.o(.ARM.Collect$$libinit$$00000000) refers (Special) to libinit2.o(.ARM.Collect$$libinit$$0000001D) for __rt_lib_init_signal_1
    libinit.o(.ARM.Collect$$libinit$$00000000) refers (Special) to libinit2.o(.ARM.Collect$$libinit$$00000025) for __rt_lib_init_stdio_1
    libinit.o(.ARM.Collect$$libinit$$00000000) refers (Special) to libinit2.o(.ARM.Collect$$libinit$$0000000C) for __rt_lib_init_user_alloc_1
    libspace.o(.text) refers to libspace.o(.bss) for __libspace_start
    rtexit.o(.ARM.Collect$$rtexit$$00000000) refers (Special) to rtexit2.o(.ARM.Collect$$rtexit$$00000004) for __rt_exit_exit
    rtexit.o(.ARM.Collect$$rtexit$$00000000) refers (Special) to rtexit2.o(.ARM.Collect$$rtexit$$00000003) for __rt_exit_ls
    rtexit.o(.ARM.Collect$$rtexit$$00000000) refers (Special) to rtexit2.o(.ARM.Collect$$rtexit$$00000002) for __rt_exit_prels_1
    rtexit.o(.ARM.exidx) refers (Special) to rtexit2.o(.ARM.Collect$$rtexit$$00000004) for __rt_exit_exit
    rtexit.o(.ARM.exidx) refers (Special) to rtexit2.o(.ARM.Collect$$rtexit$$00000003) for __rt_exit_ls
    rtexit.o(.ARM.exidx) refers (Special) to rtexit2.o(.ARM.Collect$$rtexit$$00000002) for __rt_exit_prels_1
    rtexit.o(.ARM.exidx) refers to rtexit.o(.ARM.Collect$$rtexit$$00000000) for .ARM.Collect$$rtexit$$00000000
    libinit2.o(.ARM.Collect$$libinit$$00000001) refers to fpinit.o(x$fpl$fpinit) for _fp_init
    libinit2.o(.ARM.Collect$$libinit$$00000010) refers to libinit2.o(.ARM.Collect$$libinit$$0000000F) for .ARM.Collect$$libinit$$0000000F
    libinit2.o(.ARM.Collect$$libinit$$00000012) refers to libinit2.o(.ARM.Collect$$libinit$$0000000F) for .ARM.Collect$$libinit$$0000000F
    libinit2.o(.ARM.Collect$$libinit$$00000014) refers to libinit2.o(.ARM.Collect$$libinit$$0000000F) for .ARM.Collect$$libinit$$0000000F
    libinit2.o(.ARM.Collect$$libinit$$00000016) refers to libinit2.o(.ARM.Collect$$libinit$$0000000F) for .ARM.Collect$$libinit$$0000000F
    libinit2.o(.ARM.Collect$$libinit$$00000018) refers to libinit2.o(.ARM.Collect$$libinit$$0000000F) for .ARM.Collect$$libinit$$0000000F
    libinit2.o(.ARM.Collect$$libinit$$00000026) refers to argv_veneer.o(.emb_text) for __ARM_argv_veneer
    libinit2.o(.ARM.Collect$$libinit$$00000027) refers to argv_veneer.o(.emb_text) for __ARM_argv_veneer
    rtexit2.o(.ARM.Collect$$rtexit$$00000003) refers to libshutdown.o(.ARM.Collect$$libshutdown$$00000000) for __rt_lib_shutdown
    rtexit2.o(.ARM.Collect$$rtexit$$00000004) refers to sys_exit.o(.text) for _sys_exit
    rtexit2.o(.ARM.exidx) refers to rtexit2.o(.ARM.Collect$$rtexit$$00000001) for .ARM.Collect$$rtexit$$00000001
    rtexit2.o(.ARM.exidx) refers to rtexit2.o(.ARM.Collect$$rtexit$$00000003) for .ARM.Collect$$rtexit$$00000003
    rtexit2.o(.ARM.exidx) refers to rtexit2.o(.ARM.Collect$$rtexit$$00000004) for .ARM.Collect$$rtexit$$00000004
    argv_veneer.o(.emb_text) refers to no_argv.o(.text) for __ARM_get_argv
    sys_exit.o(.text) refers (Special) to use_no_semi.o(.text) for __I$use$semihosting
    sys_exit.o(.text) refers (Special) to indicate_semi.o(.text) for __semihosting_library_function
    _get_argv_nomalloc.o(.text) refers (Special) to hrguard.o(.text) for __heap_region$guard
    _get_argv_nomalloc.o(.text) refers to defsig_rtmem_outer.o(.text) for __rt_SIGRTMEM
    _get_argv_nomalloc.o(.text) refers to sys_command.o(.text) for _sys_command_string
    libshutdown.o(.ARM.Collect$$libshutdown$$00000000) refers (Special) to libshutdown2.o(.ARM.Collect$$libshutdown$$00000002) for __rt_lib_shutdown_cpp_1
    libshutdown.o(.ARM.Collect$$libshutdown$$00000000) refers (Special) to libshutdown2.o(.ARM.Collect$$libshutdown$$00000007) for __rt_lib_shutdown_fp_trap_1
    libshutdown.o(.ARM.Collect$$libshutdown$$00000000) refers (Special) to libshutdown2.o(.ARM.Collect$$libshutdown$$0000000F) for __rt_lib_shutdown_heap_1
    libshutdown.o(.ARM.Collect$$libshutdown$$00000000) refers (Special) to libshutdown2.o(.ARM.Collect$$libshutdown$$00000010) for __rt_lib_shutdown_return
    libshutdown.o(.ARM.Collect$$libshutdown$$00000000) refers (Special) to libshutdown2.o(.ARM.Collect$$libshutdown$$0000000A) for __rt_lib_shutdown_signal_1
    libshutdown.o(.ARM.Collect$$libshutdown$$00000000) refers (Special) to libshutdown2.o(.ARM.Collect$$libshutdown$$00000004) for __rt_lib_shutdown_stdio_1
    libshutdown.o(.ARM.Collect$$libshutdown$$00000000) refers (Special) to libshutdown2.o(.ARM.Collect$$libshutdown$$0000000C) for __rt_lib_shutdown_user_alloc_1
    sys_command.o(.text) refers (Special) to use_no_semi.o(.text) for __I$use$semihosting
    sys_command.o(.text) refers (Special) to indicate_semi.o(.text) for __semihosting_library_function
    defsig_rtmem_outer.o(.text) refers to defsig_rtmem_inner.o(.text) for __rt_SIGRTMEM_inner
    defsig_rtmem_outer.o(.text) refers to defsig_exit.o(.text) for __sig_exit
    defsig_rtmem_formal.o(.text) refers to rt_raise.o(.text) for __rt_raise
    rt_raise.o(.text) refers to __raise.o(.text) for __raise
    rt_raise.o(.text) refers to sys_exit.o(.text) for _sys_exit
    defsig_exit.o(.text) refers to sys_exit.o(.text) for _sys_exit
    defsig_rtmem_inner.o(.text) refers to defsig_general.o(.text) for __default_signal_display
    __raise.o(.text) refers to defsig.o(CL$$defsig) for __default_signal_handler
    defsig_general.o(.text) refers to sys_wrch.o(.text) for _ttywrch
    sys_wrch.o(.text) refers (Special) to use_no_semi.o(.text) for __I$use$semihosting
    sys_wrch.o(.text) refers (Special) to indicate_semi.o(.text) for __semihosting_library_function
    defsig.o(CL$$defsig) refers to defsig_rtmem_inner.o(.text) for __rt_SIGRTMEM_inner
    defsig_abrt_inner.o(.text) refers to defsig_general.o(.text) for __default_signal_display
    defsig_fpe_inner.o(.text) refers to defsig_general.o(.text) for __default_signal_display
    defsig_rtred_inner.o(.text) refers to defsig_general.o(.text) for __default_signal_display
    defsig_stak_inner.o(.text) refers to defsig_general.o(.text) for __default_signal_display
    defsig_pvfn_inner.o(.text) refers to defsig_general.o(.text) for __default_signal_display
    defsig_cppl_inner.o(.text) refers to defsig_general.o(.text) for __default_signal_display
    defsig_segv_inner.o(.text) refers to defsig_general.o(.text) for __default_signal_display
    defsig_other.o(.text) refers to defsig_general.o(.text) for __default_signal_display


==============================================================================

Removing Unused input sections from the image.

    Removing nvic.o(i.NVIC_ClearPendingFlag), (100 bytes).
    Removing nvic.o(i.NVIC_DisableInterrupt), (100 bytes).
    Removing nvic.o(i.NVIC_GenerateSWI), (12 bytes).
    Removing nvic.o(i.NVIC_GetPendingFlag), (84 bytes).
    Removing nvic.o(i.NVIC_SetPendingFlag), (100 bytes).
    Removing rcc_program.o(i.RCC_ClockInit), (212 bytes).
    Removing rcc_program.o(i.RCC_SetCLKprephiral), (148 bytes).
    Removing ssd.o(i.SSD_GetState), (84 bytes).
    Removing time.o(i.TIME_CompareTime), (26 bytes).
    Removing time.o(i.TIME_CopyTime), (14 bytes).
    Removing system_stm32f4xx.o(.rev16_text), (4 bytes).
    Removing system_stm32f4xx.o(.revsh_text), (4 bytes).
    Removing system_stm32f4xx.o(.rrx_text), (6 bytes).
    Removing system_stm32f4xx.o(i.SystemCoreClockUpdate), (192 bytes).
    Removing system_stm32f4xx.o(.constdata), (24 bytes).
    Removing system_stm32f4xx.o(.data), (4 bytes).

16 unused section(s) (total 1114 bytes) removed from the image.

==============================================================================

Image Symbol Table

    Local Symbols

    Symbol Name                              Value     Ov Type        Size  Object(Section)

    ../clib/angel/boardlib.s                 0x00000000   Number         0  boardinit1.o ABSOLUTE
    ../clib/angel/boardlib.s                 0x00000000   Number         0  boardinit2.o ABSOLUTE
    ../clib/angel/boardlib.s                 0x00000000   Number         0  boardinit3.o ABSOLUTE
    ../clib/angel/boardlib.s                 0x00000000   Number         0  boardshut.o ABSOLUTE
    ../clib/angel/handlers.s                 0x00000000   Number         0  __scatter_copy.o ABSOLUTE
    ../clib/angel/handlers.s                 0x00000000   Number         0  __scatter_zi.o ABSOLUTE
    ../clib/angel/kernel.s                   0x00000000   Number         0  __rtentry2.o ABSOLUTE
    ../clib/angel/kernel.s                   0x00000000   Number         0  __rtentry.o ABSOLUTE
    ../clib/angel/kernel.s                   0x00000000   Number         0  rtexit.o ABSOLUTE
    ../clib/angel/kernel.s                   0x00000000   Number         0  __rtentry4.o ABSOLUTE
    ../clib/angel/kernel.s                   0x00000000   Number         0  rtexit2.o ABSOLUTE
    ../clib/angel/rt.s                       0x00000000   Number         0  rt_raise.o ABSOLUTE
    ../clib/angel/scatter.s                  0x00000000   Number         0  __scatter.o ABSOLUTE
    ../clib/angel/startup.s                  0x00000000   Number         0  __main.o ABSOLUTE
    ../clib/angel/sys.s                      0x00000000   Number         0  sys_stackheap_outer.o ABSOLUTE
    ../clib/angel/sys.s                      0x00000000   Number         0  libspace.o ABSOLUTE
    ../clib/angel/sys.s                      0x00000000   Number         0  indicate_semi.o ABSOLUTE
    ../clib/angel/sys.s                      0x00000000   Number         0  use_no_semi.o ABSOLUTE
    ../clib/angel/sysapp.c                   0x00000000   Number         0  sys_exit.o ABSOLUTE
    ../clib/angel/sysapp.c                   0x00000000   Number         0  sys_wrch.o ABSOLUTE
    ../clib/angel/sysapp.c                   0x00000000   Number         0  sys_command.o ABSOLUTE
    ../clib/armsys.c                         0x00000000   Number         0  argv_veneer.o ABSOLUTE
    ../clib/armsys.c                         0x00000000   Number         0  _get_argv_nomalloc.o ABSOLUTE
    ../clib/armsys.c                         0x00000000   Number         0  no_argv.o ABSOLUTE
    ../clib/armsys.c                         0x00000000   Number         0  argv_veneer.o ABSOLUTE
    ../clib/heapalloc.c                      0x00000000   Number         0  hrguard.o ABSOLUTE
    ../clib/heapaux.c                        0x00000000   Number         0  heapauxi.o ABSOLUTE
    ../clib/libinit.s                        0x00000000   Number         0  libinit.o ABSOLUTE
    ../clib/libinit.s                        0x00000000   Number         0  libshutdown2.o ABSOLUTE
    ../clib/libinit.s                        0x00000000   Number         0  libshutdown.o ABSOLUTE
    ../clib/libinit.s                        0x00000000   Number         0  libinit2.o ABSOLUTE
    ../clib/signal.c                         0x00000000   Number         0  defsig_rtmem_outer.o ABSOLUTE
    ../clib/signal.c                         0x00000000   Number         0  defsig_fpe_inner.o ABSOLUTE
    ../clib/signal.c                         0x00000000   Number         0  defsig_other.o ABSOLUTE
    ../clib/signal.c                         0x00000000   Number         0  defsig_segv_inner.o ABSOLUTE
    ../clib/signal.c                         0x00000000   Number         0  defsig_cppl_inner.o ABSOLUTE
    ../clib/signal.c                         0x00000000   Number         0  defsig_pvfn_inner.o ABSOLUTE
    ../clib/signal.c                         0x00000000   Number         0  defsig_stak_inner.o ABSOLUTE
    ../clib/signal.c                         0x00000000   Number         0  defsig_rtred_inner.o ABSOLUTE
    ../clib/signal.c                         0x00000000   Number         0  defsig_abrt_inner.o ABSOLUTE
    ../clib/signal.c                         0x00000000   Number         0  defsig_general.o ABSOLUTE
    ../clib/signal.c                         0x00000000   Number         0  __raise.o ABSOLUTE
    ../clib/signal.c                         0x00000000   Number         0  defsig_rtmem_inner.o ABSOLUTE
    ../clib/signal.c                         0x00000000   Number         0  defsig_exit.o ABSOLUTE
    ../clib/signal.c                         0x00000000   Number         0  defsig_rtmem_formal.o ABSOLUTE
    ../clib/signal.s                         0x00000000   Number         0  defsig.o ABSOLUTE
    ../clib/stdlib.c                         0x00000000   Number         0  exit.o ABSOLUTE
    ../fplib/fpinit.s                        0x00000000   Number         0  fpinit.o ABSOLUTE
    DigitalClock.c                           0x00000000   Number         0  digitalclock.o ABSOLUTE
    Display.c                                0x00000000   Number         0  display.o ABSOLUTE
    ForeGround_prog.c                        0x00000000   Number         0  foreground_prog.o ABSOLUTE
    GPIO_prog.c                              0x00000000   Number         0  gpio_prog.o ABSOLUTE
    NVIC.c                                   0x00000000   Number         0  nvic.o ABSOLUTE
    RCC_program.c                            0x00000000   Number         0  rcc_program.o ABSOLUTE
    RTE\Device\STM32F446RETx\startup_stm32f446xx.s 0x00000000   Number         0  startup_stm32f446xx.o ABSOLUTE
    RTE\Device\STM32F446RETx\system_stm32f4xx.c 0x00000000   Number         0  system_stm32f4xx.o ABSOLUTE
    RTE\\Device\\STM32F446RETx\\system_stm32f4xx.c 0x00000000   Number         0  system_stm32f4xx.o ABSOLUTE
    SSD.c                                    0x00000000   Number         0  ssd.o ABSOLUTE
    SW.c                                     0x00000000   Number         0  sw.o ABSOLUTE
    Time.c                                   0x00000000   Number         0  time.o ABSOLUTE
    Timer_program.c                          0x00000000   Number         0  timer_program.o ABSOLUTE
    dc.s                                     0x00000000   Number         0  dc.o ABSOLUTE
    main_SupportFunctions.c                  0x00000000   Number         0  main_supportfunctions.o ABSOLUTE
    RESET                                    0x08000000   Section      452  startup_stm32f446xx.o(RESET)
    !!!main                                  0x080001c4   Section        8  __main.o(!!!main)
    !!!scatter                               0x080001cc   Section       52  __scatter.o(!!!scatter)
    !!handler_copy                           0x08000200   Section       26  __scatter_copy.o(!!handler_copy)
    !!handler_zi                             0x0800021c   Section       28  __scatter_zi.o(!!handler_zi)
    .ARM.Collect$$libinit$$00000000          0x08000238   Section        2  libinit.o(.ARM.Collect$$libinit$$00000000)
    .ARM.Collect$$libinit$$00000001          0x0800023a   Section        4  libinit2.o(.ARM.Collect$$libinit$$00000001)
    .ARM.Collect$$libinit$$00000004          0x0800023e   Section        0  libinit2.o(.ARM.Collect$$libinit$$00000004)
    .ARM.Collect$$libinit$$0000000A          0x0800023e   Section        0  libinit2.o(.ARM.Collect$$libinit$$0000000A)
    .ARM.Collect$$libinit$$0000000C          0x0800023e   Section        0  libinit2.o(.ARM.Collect$$libinit$$0000000C)
    .ARM.Collect$$libinit$$0000000E          0x0800023e   Section        0  libinit2.o(.ARM.Collect$$libinit$$0000000E)
    .ARM.Collect$$libinit$$00000011          0x0800023e   Section        0  libinit2.o(.ARM.Collect$$libinit$$00000011)
    .ARM.Collect$$libinit$$00000013          0x0800023e   Section        0  libinit2.o(.ARM.Collect$$libinit$$00000013)
    .ARM.Collect$$libinit$$00000015          0x0800023e   Section        0  libinit2.o(.ARM.Collect$$libinit$$00000015)
    .ARM.Collect$$libinit$$00000017          0x0800023e   Section        0  libinit2.o(.ARM.Collect$$libinit$$00000017)
    .ARM.Collect$$libinit$$00000019          0x0800023e   Section        0  libinit2.o(.ARM.Collect$$libinit$$00000019)
    .ARM.Collect$$libinit$$0000001B          0x0800023e   Section        0  libinit2.o(.ARM.Collect$$libinit$$0000001B)
    .ARM.Collect$$libinit$$0000001D          0x0800023e   Section        0  libinit2.o(.ARM.Collect$$libinit$$0000001D)
    .ARM.Collect$$libinit$$0000001F          0x0800023e   Section        0  libinit2.o(.ARM.Collect$$libinit$$0000001F)
    .ARM.Collect$$libinit$$00000021          0x0800023e   Section        0  libinit2.o(.ARM.Collect$$libinit$$00000021)
    .ARM.Collect$$libinit$$00000023          0x0800023e   Section        0  libinit2.o(.ARM.Collect$$libinit$$00000023)
    .ARM.Collect$$libinit$$00000025          0x0800023e   Section        0  libinit2.o(.ARM.Collect$$libinit$$00000025)
    .ARM.Collect$$libinit$$0000002C          0x0800023e   Section        0  libinit2.o(.ARM.Collect$$libinit$$0000002C)
    .ARM.Collect$$libinit$$0000002E          0x0800023e   Section        0  libinit2.o(.ARM.Collect$$libinit$$0000002E)
    .ARM.Collect$$libinit$$00000030          0x0800023e   Section        0  libinit2.o(.ARM.Collect$$libinit$$00000030)
    .ARM.Collect$$libinit$$00000032          0x0800023e   Section        0  libinit2.o(.ARM.Collect$$libinit$$00000032)
    .ARM.Collect$$libinit$$00000033          0x0800023e   Section        2  libinit2.o(.ARM.Collect$$libinit$$00000033)
    .ARM.Collect$$libshutdown$$00000000      0x08000240   Section        2  libshutdown.o(.ARM.Collect$$libshutdown$$00000000)
    .ARM.Collect$$libshutdown$$00000002      0x08000242   Section        0  libshutdown2.o(.ARM.Collect$$libshutdown$$00000002)
    .ARM.Collect$$libshutdown$$00000004      0x08000242   Section        0  libshutdown2.o(.ARM.Collect$$libshutdown$$00000004)
    .ARM.Collect$$libshutdown$$00000007      0x08000242   Section        0  libshutdown2.o(.ARM.Collect$$libshutdown$$00000007)
    .ARM.Collect$$libshutdown$$0000000A      0x08000242   Section        0  libshutdown2.o(.ARM.Collect$$libshutdown$$0000000A)
    .ARM.Collect$$libshutdown$$0000000C      0x08000242   Section        0  libshutdown2.o(.ARM.Collect$$libshutdown$$0000000C)
    .ARM.Collect$$libshutdown$$0000000F      0x08000242   Section        0  libshutdown2.o(.ARM.Collect$$libshutdown$$0000000F)
    .ARM.Collect$$libshutdown$$00000010      0x08000242   Section        2  libshutdown2.o(.ARM.Collect$$libshutdown$$00000010)
    .ARM.Collect$$rtentry$$00000000          0x08000244   Section        0  __rtentry.o(.ARM.Collect$$rtentry$$00000000)
    .ARM.Collect$$rtentry$$00000002          0x08000244   Section        0  __rtentry2.o(.ARM.Collect$$rtentry$$00000002)
    .ARM.Collect$$rtentry$$00000004          0x08000244   Section        6  __rtentry4.o(.ARM.Collect$$rtentry$$00000004)
    .ARM.Collect$$rtentry$$00000009          0x0800024a   Section        0  __rtentry2.o(.ARM.Collect$$rtentry$$00000009)
    .ARM.Collect$$rtentry$$0000000A          0x0800024a   Section        4  __rtentry2.o(.ARM.Collect$$rtentry$$0000000A)
    .ARM.Collect$$rtentry$$0000000C          0x0800024e   Section        0  __rtentry2.o(.ARM.Collect$$rtentry$$0000000C)
    .ARM.Collect$$rtentry$$0000000D          0x0800024e   Section        8  __rtentry2.o(.ARM.Collect$$rtentry$$0000000D)
    .ARM.Collect$$rtexit$$00000000           0x08000256   Section        2  rtexit.o(.ARM.Collect$$rtexit$$00000000)
    .ARM.Collect$$rtexit$$00000002           0x08000258   Section        0  rtexit2.o(.ARM.Collect$$rtexit$$00000002)
    .ARM.Collect$$rtexit$$00000003           0x08000258   Section        4  rtexit2.o(.ARM.Collect$$rtexit$$00000003)
    .ARM.Collect$$rtexit$$00000004           0x0800025c   Section        6  rtexit2.o(.ARM.Collect$$rtexit$$00000004)
    .text                                    0x08000264   Section       64  startup_stm32f446xx.o(.text)
    $v0                                      0x08000264   Number         0  startup_stm32f446xx.o(.text)
    .text                                    0x080002a4   Section        0  heapauxi.o(.text)
    .text                                    0x080002aa   Section       74  sys_stackheap_outer.o(.text)
    .text                                    0x080002f4   Section        0  exit.o(.text)
    .text                                    0x08000308   Section        8  libspace.o(.text)
    .text                                    0x08000310   Section        0  sys_exit.o(.text)
    .text                                    0x0800031c   Section        2  use_no_semi.o(.text)
    .text                                    0x0800031e   Section        0  indicate_semi.o(.text)
    i.DISPToggleSecondsState                 0x08000320   Section        0  display.o(i.DISPToggleSecondsState)
    DISPToggleSecondsState                   0x08000321   Thumb Code    36  display.o(i.DISPToggleSecondsState)
    i.DISP_BlinkHours                        0x08000348   Section        0  display.o(i.DISP_BlinkHours)
    DISP_BlinkHours                          0x08000349   Thumb Code   130  display.o(i.DISP_BlinkHours)
    i.DISP_BlinkMinutes                      0x080003d4   Section        0  display.o(i.DISP_BlinkMinutes)
    DISP_BlinkMinutes                        0x080003d5   Thumb Code   128  display.o(i.DISP_BlinkMinutes)
    i.DISP_BlinkSeconds                      0x0800045c   Section        0  display.o(i.DISP_BlinkSeconds)
    DISP_BlinkSeconds                        0x0800045d   Thumb Code    90  display.o(i.DISP_BlinkSeconds)
    i.DISP_Init                              0x080004b6   Section        0  display.o(i.DISP_Init)
    i.DISP_Update                            0x080004f4   Section        0  display.o(i.DISP_Update)
    i.GPIO_ConfgPin_AF                       0x0800056c   Section        0  gpio_prog.o(i.GPIO_ConfgPin_AF)
    i.GPIO_ConfgPin_Mode                     0x08000598   Section        0  gpio_prog.o(i.GPIO_ConfgPin_Mode)
    i.GPIO_ConfgPin_OP_Type                  0x080005a8   Section        0  gpio_prog.o(i.GPIO_ConfgPin_OP_Type)
    i.GPIO_ConfgPin_Pull                     0x080005b6   Section        0  gpio_prog.o(i.GPIO_ConfgPin_Pull)
    i.GPIO_ConfgPin_Speed                    0x080005c6   Section        0  gpio_prog.o(i.GPIO_ConfgPin_Speed)
    i.GPIO_Init                              0x080005d6   Section        0  gpio_prog.o(i.GPIO_Init)
    i.GPIO_InitPortPin                       0x08000614   Section        0  gpio_prog.o(i.GPIO_InitPortPin)
    i.GPIO_ReadPortPin                       0x080006b4   Section        0  gpio_prog.o(i.GPIO_ReadPortPin)
    i.GPIO_WritePortPin                      0x080006c0   Section        0  gpio_prog.o(i.GPIO_WritePortPin)
    i.NVIC_EnableInterrupt                   0x080006e4   Section        0  nvic.o(i.NVIC_EnableInterrupt)
    i.NVIC_Init                              0x0800074c   Section        0  nvic.o(i.NVIC_Init)
    i.NVIC_SetPeriority                      0x0800075c   Section        0  nvic.o(i.NVIC_SetPeriority)
    i.OS_Timer_Init                          0x08000768   Section        0  main_supportfunctions.o(i.OS_Timer_Init)
    i.SSD_GetValue                           0x080007b4   Section        0  ssd.o(i.SSD_GetValue)
    i.SSD_Init                               0x080007c0   Section        0  ssd.o(i.SSD_Init)
    i.SSD_Out                                0x08000874   Section        0  ssd.o(i.SSD_Out)
    SSD_Out                                  0x08000875   Thumb Code   174  ssd.o(i.SSD_Out)
    i.SSD_SetDotState                        0x0800092c   Section        0  ssd.o(i.SSD_SetDotState)
    i.SSD_SetState                           0x08000938   Section        0  ssd.o(i.SSD_SetState)
    i.SSD_SetValue                           0x0800099c   Section        0  ssd.o(i.SSD_SetValue)
    i.SSD_Update                             0x080009a8   Section        0  ssd.o(i.SSD_Update)
    i.SW_GetState                            0x08000a00   Section        0  sw.o(i.SW_GetState)
    i.SW_Init                                0x08000a14   Section        0  sw.o(i.SW_Init)
    i.SW_Update                              0x08000a88   Section        0  sw.o(i.SW_Update)
    i.SystemInit                             0x08000bb4   Section        0  system_stm32f4xx.o(i.SystemInit)
    i.TIM1_UP_TIM10_IRQHandler               0x08000c18   Section        0  foreground_prog.o(i.TIM1_UP_TIM10_IRQHandler)
    i.TIME_GetState                          0x08000c30   Section        0  time.o(i.TIME_GetState)
    i.TIME_GetTime                           0x08000c3c   Section        0  time.o(i.TIME_GetTime)
    i.TIME_Init                              0x08000c54   Section        0  time.o(i.TIME_Init)
    i.TIME_Update                            0x08000c64   Section        0  time.o(i.TIME_Update)
    i.TIME_UpdateTime                        0x08000d90   Section        0  time.o(i.TIME_UpdateTime)
    TIME_UpdateTime                          0x08000d91   Thumb Code    64  time.o(i.TIME_UpdateTime)
    i.TIM_ClearFlag                          0x08000dd4   Section        0  timer_program.o(i.TIM_ClearFlag)
    i.TIM_Init                               0x08000de8   Section        0  timer_program.o(i.TIM_Init)
    i.TIM_SetARR_Buffer                      0x08000fb4   Section        0  timer_program.o(i.TIM_SetARR_Buffer)
    i.TIM_SetCMS_State                       0x08000fd6   Section        0  timer_program.o(i.TIM_SetCMS_State)
    i.TIM_SetClkDiv                          0x08001034   Section        0  timer_program.o(i.TIM_SetClkDiv)
    i.TIM_SetCounterState                    0x0800107c   Section        0  timer_program.o(i.TIM_SetCounterState)
    i.TIM_SetDirection                       0x0800109e   Section        0  timer_program.o(i.TIM_SetDirection)
    i.TIM_SetOPM_State                       0x080010c0   Section        0  timer_program.o(i.TIM_SetOPM_State)
    i.TIM_SetPeriodValue                     0x080010e2   Section        0  timer_program.o(i.TIM_SetPeriodValue)
    i.TIM_SetPrescalerValue                  0x080010e6   Section        0  timer_program.o(i.TIM_SetPrescalerValue)
    i.TIM_SetUD_Interrupt                    0x080010ea   Section        0  timer_program.o(i.TIM_SetUD_Interrupt)
    i.TIM_SetURS_State                       0x0800110c   Section        0  timer_program.o(i.TIM_SetURS_State)
    i.main                                   0x0800112e   Section        0  digitalclock.o(i.main)
    x$fpl$fpinit                             0x08001142   Section       10  fpinit.o(x$fpl$fpinit)
    $v0                                      0x08001142   Number         0  fpinit.o(x$fpl$fpinit)
    .data                                    0x20000000   Section        4  main_supportfunctions.o(.data)
    .data                                    0x20000004   Section        6  display.o(.data)
    SecondsDotState                          0x20000004   Data           1  display.o(.data)
    DISP_blink_count                         0x20000006   Data           2  display.o(.data)
    DISP_counter                             0x20000008   Data           2  display.o(.data)
    .data                                    0x2000000a   Section       20  ssd.o(.data)
    SSD_Data                                 0x2000000a   Data          11  ssd.o(.data)
    SSD_current                              0x20000015   Data           1  ssd.o(.data)
    SSD_Values                               0x20000016   Data           4  ssd.o(.data)
    SSD_DotState                             0x2000001a   Data           1  ssd.o(.data)
    SSD_counter                              0x2000001c   Data           2  ssd.o(.data)
    .data                                    0x2000001e   Section        6  sw.o(.data)
    SWs_Info                                 0x2000001e   Data           3  sw.o(.data)
    SW_counter                               0x20000022   Data           2  sw.o(.data)
    .data                                    0x20000024   Section        8  time.o(.data)
    TIME_CurrentTime                         0x20000024   Data           3  time.o(.data)
    TIME_State                               0x20000027   Data           1  time.o(.data)
    TIME_counter                             0x20000028   Data           2  time.o(.data)
    TIME_seconds_counter                     0x2000002a   Data           2  time.o(.data)
    .bss                                     0x2000002c   Section       96  libspace.o(.bss)
    HEAP                                     0x20000090   Section      512  startup_stm32f446xx.o(HEAP)
    Heap_Mem                                 0x20000090   Data         512  startup_stm32f446xx.o(HEAP)
    STACK                                    0x20000290   Section     1024  startup_stm32f446xx.o(STACK)
    Stack_Mem                                0x20000290   Data        1024  startup_stm32f446xx.o(STACK)
    __initial_sp                             0x20000690   Data           0  startup_stm32f446xx.o(STACK)

    Global Symbols

    Symbol Name                              Value     Ov Type        Size  Object(Section)

    BuildAttributes$$THM_ISAv4$E$P$D$K$B$S$7EM$VFPi3$EXTD16$VFPS$VFMA$PE$A:L22UL41UL21$X:L11$S22US41US21$IEEE1$IW$USESV6$~STKCKD$USESV7$~SHL$OSPACE$ROPI$EBA8$UX$STANDARDLIB$REQ8$PRES8$EABIv2 0x00000000   Number         0  anon$$obj.o ABSOLUTE
    __ARM_use_no_argv                        0x00000000   Number         0  digitalclock.o ABSOLUTE
    __ARM_exceptions_init                     - Undefined Weak Reference
    __alloca_initialize                       - Undefined Weak Reference
    __arm_preinit_                            - Undefined Weak Reference
    __cpp_initialize__aeabi_                  - Undefined Weak Reference
    __cxa_finalize                            - Undefined Weak Reference
    __rt_locale                               - Undefined Weak Reference
    __sigvec_lookup                           - Undefined Weak Reference
    _atexit_init                              - Undefined Weak Reference
    _call_atexit_fns                          - Undefined Weak Reference
    _clock_init                               - Undefined Weak Reference
    _fp_trap_init                             - Undefined Weak Reference
    _fp_trap_shutdown                         - Undefined Weak Reference
    _get_lc_collate                           - Undefined Weak Reference
    _get_lc_ctype                             - Undefined Weak Reference
    _get_lc_monetary                          - Undefined Weak Reference
    _get_lc_numeric                           - Undefined Weak Reference
    _get_lc_time                              - Undefined Weak Reference
    _getenv_init                              - Undefined Weak Reference
    _handle_redirection                       - Undefined Weak Reference
    _init_alloc                               - Undefined Weak Reference
    _init_user_alloc                          - Undefined Weak Reference
    _initio                                   - Undefined Weak Reference
    _rand_init                                - Undefined Weak Reference
    _signal_finish                            - Undefined Weak Reference
    _signal_init                              - Undefined Weak Reference
    _terminate_alloc                          - Undefined Weak Reference
    _terminate_user_alloc                     - Undefined Weak Reference
    _terminateio                              - Undefined Weak Reference
    __Vectors_Size                           0x000001c4   Number         0  startup_stm32f446xx.o ABSOLUTE
    __Vectors                                0x08000000   Data           4  startup_stm32f446xx.o(RESET)
    __Vectors_End                            0x080001c4   Data           0  startup_stm32f446xx.o(RESET)
    __main                                   0x080001c5   Thumb Code     8  __main.o(!!!main)
    __scatterload                            0x080001cd   Thumb Code     0  __scatter.o(!!!scatter)
    __scatterload_rt2                        0x080001cd   Thumb Code    44  __scatter.o(!!!scatter)
    __scatterload_rt2_thumb_only             0x080001cd   Thumb Code     0  __scatter.o(!!!scatter)
    __scatterload_null                       0x080001db   Thumb Code     0  __scatter.o(!!!scatter)
    __scatterload_copy                       0x08000201   Thumb Code    26  __scatter_copy.o(!!handler_copy)
    __scatterload_zeroinit                   0x0800021d   Thumb Code    28  __scatter_zi.o(!!handler_zi)
    __rt_lib_init                            0x08000239   Thumb Code     0  libinit.o(.ARM.Collect$$libinit$$00000000)
    __rt_lib_init_fp_1                       0x0800023b   Thumb Code     0  libinit2.o(.ARM.Collect$$libinit$$00000001)
    __rt_lib_init_alloca_1                   0x0800023f   Thumb Code     0  libinit2.o(.ARM.Collect$$libinit$$0000002E)
    __rt_lib_init_argv_1                     0x0800023f   Thumb Code     0  libinit2.o(.ARM.Collect$$libinit$$0000002C)
    __rt_lib_init_atexit_1                   0x0800023f   Thumb Code     0  libinit2.o(.ARM.Collect$$libinit$$0000001B)
    __rt_lib_init_clock_1                    0x0800023f   Thumb Code     0  libinit2.o(.ARM.Collect$$libinit$$00000021)
    __rt_lib_init_cpp_1                      0x0800023f   Thumb Code     0  libinit2.o(.ARM.Collect$$libinit$$00000032)
    __rt_lib_init_exceptions_1               0x0800023f   Thumb Code     0  libinit2.o(.ARM.Collect$$libinit$$00000030)
    __rt_lib_init_fp_trap_1                  0x0800023f   Thumb Code     0  libinit2.o(.ARM.Collect$$libinit$$0000001F)
    __rt_lib_init_getenv_1                   0x0800023f   Thumb Code     0  libinit2.o(.ARM.Collect$$libinit$$00000023)
    __rt_lib_init_heap_1                     0x0800023f   Thumb Code     0  libinit2.o(.ARM.Collect$$libinit$$0000000A)
    __rt_lib_init_lc_collate_1               0x0800023f   Thumb Code     0  libinit2.o(.ARM.Collect$$libinit$$00000011)
    __rt_lib_init_lc_ctype_1                 0x0800023f   Thumb Code     0  libinit2.o(.ARM.Collect$$libinit$$00000013)
    __rt_lib_init_lc_monetary_1              0x0800023f   Thumb Code     0  libinit2.o(.ARM.Collect$$libinit$$00000015)
    __rt_lib_init_lc_numeric_1               0x0800023f   Thumb Code     0  libinit2.o(.ARM.Collect$$libinit$$00000017)
    __rt_lib_init_lc_time_1                  0x0800023f   Thumb Code     0  libinit2.o(.ARM.Collect$$libinit$$00000019)
    __rt_lib_init_preinit_1                  0x0800023f   Thumb Code     0  libinit2.o(.ARM.Collect$$libinit$$00000004)
    __rt_lib_init_rand_1                     0x0800023f   Thumb Code     0  libinit2.o(.ARM.Collect$$libinit$$0000000E)
    __rt_lib_init_return                     0x0800023f   Thumb Code     0  libinit2.o(.ARM.Collect$$libinit$$00000033)
    __rt_lib_init_signal_1                   0x0800023f   Thumb Code     0  libinit2.o(.ARM.Collect$$libinit$$0000001D)
    __rt_lib_init_stdio_1                    0x0800023f   Thumb Code     0  libinit2.o(.ARM.Collect$$libinit$$00000025)
    __rt_lib_init_user_alloc_1               0x0800023f   Thumb Code     0  libinit2.o(.ARM.Collect$$libinit$$0000000C)
    __rt_lib_shutdown                        0x08000241   Thumb Code     0  libshutdown.o(.ARM.Collect$$libshutdown$$00000000)
    __rt_lib_shutdown_cpp_1                  0x08000243   Thumb Code     0  libshutdown2.o(.ARM.Collect$$libshutdown$$00000002)
    __rt_lib_shutdown_fp_trap_1              0x08000243   Thumb Code     0  libshutdown2.o(.ARM.Collect$$libshutdown$$00000007)
    __rt_lib_shutdown_heap_1                 0x08000243   Thumb Code     0  libshutdown2.o(.ARM.Collect$$libshutdown$$0000000F)
    __rt_lib_shutdown_return                 0x08000243   Thumb Code     0  libshutdown2.o(.ARM.Collect$$libshutdown$$00000010)
    __rt_lib_shutdown_signal_1               0x08000243   Thumb Code     0  libshutdown2.o(.ARM.Collect$$libshutdown$$0000000A)
    __rt_lib_shutdown_stdio_1                0x08000243   Thumb Code     0  libshutdown2.o(.ARM.Collect$$libshutdown$$00000004)
    __rt_lib_shutdown_user_alloc_1           0x08000243   Thumb Code     0  libshutdown2.o(.ARM.Collect$$libshutdown$$0000000C)
    __rt_entry                               0x08000245   Thumb Code     0  __rtentry.o(.ARM.Collect$$rtentry$$00000000)
    __rt_entry_presh_1                       0x08000245   Thumb Code     0  __rtentry2.o(.ARM.Collect$$rtentry$$00000002)
    __rt_entry_sh                            0x08000245   Thumb Code     0  __rtentry4.o(.ARM.Collect$$rtentry$$00000004)
    __rt_entry_li                            0x0800024b   Thumb Code     0  __rtentry2.o(.ARM.Collect$$rtentry$$0000000A)
    __rt_entry_postsh_1                      0x0800024b   Thumb Code     0  __rtentry2.o(.ARM.Collect$$rtentry$$00000009)
    __rt_entry_main                          0x0800024f   Thumb Code     0  __rtentry2.o(.ARM.Collect$$rtentry$$0000000D)
    __rt_entry_postli_1                      0x0800024f   Thumb Code     0  __rtentry2.o(.ARM.Collect$$rtentry$$0000000C)
    __rt_exit                                0x08000257   Thumb Code     0  rtexit.o(.ARM.Collect$$rtexit$$00000000)
    __rt_exit_ls                             0x08000259   Thumb Code     0  rtexit2.o(.ARM.Collect$$rtexit$$00000003)
    __rt_exit_prels_1                        0x08000259   Thumb Code     0  rtexit2.o(.ARM.Collect$$rtexit$$00000002)
    __rt_exit_exit                           0x0800025d   Thumb Code     0  rtexit2.o(.ARM.Collect$$rtexit$$00000004)
    Reset_Handler                            0x08000265   Thumb Code     8  startup_stm32f446xx.o(.text)
    NMI_Handler                              0x0800026d   Thumb Code     2  startup_stm32f446xx.o(.text)
    HardFault_Handler                        0x0800026f   Thumb Code     2  startup_stm32f446xx.o(.text)
    MemManage_Handler                        0x08000271   Thumb Code     2  startup_stm32f446xx.o(.text)
    BusFault_Handler                         0x08000273   Thumb Code     2  startup_stm32f446xx.o(.text)
    UsageFault_Handler                       0x08000275   Thumb Code     2  startup_stm32f446xx.o(.text)
    SVC_Handler                              0x08000277   Thumb Code     2  startup_stm32f446xx.o(.text)
    DebugMon_Handler                         0x08000279   Thumb Code     2  startup_stm32f446xx.o(.text)
    PendSV_Handler                           0x0800027b   Thumb Code     2  startup_stm32f446xx.o(.text)
    SysTick_Handler                          0x0800027d   Thumb Code     2  startup_stm32f446xx.o(.text)
    ADC_IRQHandler                           0x0800027f   Thumb Code     0  startup_stm32f446xx.o(.text)
    CAN1_RX0_IRQHandler                      0x0800027f   Thumb Code     0  startup_stm32f446xx.o(.text)
    CAN1_RX1_IRQHandler                      0x0800027f   Thumb Code     0  startup_stm32f446xx.o(.text)
    CAN1_SCE_IRQHandler                      0x0800027f   Thumb Code     0  startup_stm32f446xx.o(.text)
    CAN1_TX_IRQHandler                       0x0800027f   Thumb Code     0  startup_stm32f446xx.o(.text)
    CAN2_RX0_IRQHandler                      0x0800027f   Thumb Code     0  startup_stm32f446xx.o(.text)
    CAN2_RX1_IRQHandler                      0x0800027f   Thumb Code     0  startup_stm32f446xx.o(.text)
    CAN2_SCE_IRQHandler                      0x0800027f   Thumb Code     0  startup_stm32f446xx.o(.text)
    CAN2_TX_IRQHandler                       0x0800027f   Thumb Code     0  startup_stm32f446xx.o(.text)
    CEC_IRQHandler                           0x0800027f   Thumb Code     0  startup_stm32f446xx.o(.text)
    DCMI_IRQHandler                          0x0800027f   Thumb Code     0  startup_stm32f446xx.o(.text)
    DMA1_Stream0_IRQHandler                  0x0800027f   Thumb Code     0  startup_stm32f446xx.o(.text)
    DMA1_Stream1_IRQHandler                  0x0800027f   Thumb Code     0  startup_stm32f446xx.o(.text)
    DMA1_Stream2_IRQHandler                  0x0800027f   Thumb Code     0  startup_stm32f446xx.o(.text)
    DMA1_Stream3_IRQHandler                  0x0800027f   Thumb Code     0  startup_stm32f446xx.o(.text)
    DMA1_Stream4_IRQHandler                  0x0800027f   Thumb Code     0  startup_stm32f446xx.o(.text)
    DMA1_Stream5_IRQHandler                  0x0800027f   Thumb Code     0  startup_stm32f446xx.o(.text)
    DMA1_Stream6_IRQHandler                  0x0800027f   Thumb Code     0  startup_stm32f446xx.o(.text)
    DMA1_Stream7_IRQHandler                  0x0800027f   Thumb Code     0  startup_stm32f446xx.o(.text)
    DMA2_Stream0_IRQHandler                  0x0800027f   Thumb Code     0  startup_stm32f446xx.o(.text)
    DMA2_Stream1_IRQHandler                  0x0800027f   Thumb Code     0  startup_stm32f446xx.o(.text)
    DMA2_Stream2_IRQHandler                  0x0800027f   Thumb Code     0  startup_stm32f446xx.o(.text)
    DMA2_Stream3_IRQHandler                  0x0800027f   Thumb Code     0  startup_stm32f446xx.o(.text)
    DMA2_Stream4_IRQHandler                  0x0800027f   Thumb Code     0  startup_stm32f446xx.o(.text)
    DMA2_Stream5_IRQHandler                  0x0800027f   Thumb Code     0  startup_stm32f446xx.o(.text)
    DMA2_Stream6_IRQHandler                  0x0800027f   Thumb Code     0  startup_stm32f446xx.o(.text)
    DMA2_Stream7_IRQHandler                  0x0800027f   Thumb Code     0  startup_stm32f446xx.o(.text)
    EXTI0_IRQHandler                         0x0800027f   Thumb Code     0  startup_stm32f446xx.o(.text)
    EXTI15_10_IRQHandler                     0x0800027f   Thumb Code     0  startup_stm32f446xx.o(.text)
    EXTI1_IRQHandler                         0x0800027f   Thumb Code     0  startup_stm32f446xx.o(.text)
    EXTI2_IRQHandler                         0x0800027f   Thumb Code     0  startup_stm32f446xx.o(.text)
    EXTI3_IRQHandler                         0x0800027f   Thumb Code     0  startup_stm32f446xx.o(.text)
    EXTI4_IRQHandler                         0x0800027f   Thumb Code     0  startup_stm32f446xx.o(.text)
    EXTI9_5_IRQHandler                       0x0800027f   Thumb Code     0  startup_stm32f446xx.o(.text)
    FLASH_IRQHandler                         0x0800027f   Thumb Code     0  startup_stm32f446xx.o(.text)
    FMC_IRQHandler                           0x0800027f   Thumb Code     0  startup_stm32f446xx.o(.text)
    FMPI2C1_ER_IRQHandler                    0x0800027f   Thumb Code     0  startup_stm32f446xx.o(.text)
    FMPI2C1_EV_IRQHandler                    0x0800027f   Thumb Code     0  startup_stm32f446xx.o(.text)
    FPU_IRQHandler                           0x0800027f   Thumb Code     0  startup_stm32f446xx.o(.text)
    I2C1_ER_IRQHandler                       0x0800027f   Thumb Code     0  startup_stm32f446xx.o(.text)
    I2C1_EV_IRQHandler                       0x0800027f   Thumb Code     0  startup_stm32f446xx.o(.text)
    I2C2_ER_IRQHandler                       0x0800027f   Thumb Code     0  startup_stm32f446xx.o(.text)
    I2C2_EV_IRQHandler                       0x0800027f   Thumb Code     0  startup_stm32f446xx.o(.text)
    I2C3_ER_IRQHandler                       0x0800027f   Thumb Code     0  startup_stm32f446xx.o(.text)
    I2C3_EV_IRQHandler                       0x0800027f   Thumb Code     0  startup_stm32f446xx.o(.text)
    OTG_FS_IRQHandler                        0x0800027f   Thumb Code     0  startup_stm32f446xx.o(.text)
    OTG_FS_WKUP_IRQHandler                   0x0800027f   Thumb Code     0  startup_stm32f446xx.o(.text)
    OTG_HS_EP1_IN_IRQHandler                 0x0800027f   Thumb Code     0  startup_stm32f446xx.o(.text)
    OTG_HS_EP1_OUT_IRQHandler                0x0800027f   Thumb Code     0  startup_stm32f446xx.o(.text)
    OTG_HS_IRQHandler                        0x0800027f   Thumb Code     0  startup_stm32f446xx.o(.text)
    OTG_HS_WKUP_IRQHandler                   0x0800027f   Thumb Code     0  startup_stm32f446xx.o(.text)
    PVD_IRQHandler                           0x0800027f   Thumb Code     0  startup_stm32f446xx.o(.text)
    QUADSPI_IRQHandler                       0x0800027f   Thumb Code     0  startup_stm32f446xx.o(.text)
    RCC_IRQHandler                           0x0800027f   Thumb Code     0  startup_stm32f446xx.o(.text)
    RTC_Alarm_IRQHandler                     0x0800027f   Thumb Code     0  startup_stm32f446xx.o(.text)
    RTC_WKUP_IRQHandler                      0x0800027f   Thumb Code     0  startup_stm32f446xx.o(.text)
    SAI1_IRQHandler                          0x0800027f   Thumb Code     0  startup_stm32f446xx.o(.text)
    SAI2_IRQHandler                          0x0800027f   Thumb Code     0  startup_stm32f446xx.o(.text)
    SDIO_IRQHandler                          0x0800027f   Thumb Code     0  startup_stm32f446xx.o(.text)
    SPDIF_RX_IRQHandler                      0x0800027f   Thumb Code     0  startup_stm32f446xx.o(.text)
    SPI1_IRQHandler                          0x0800027f   Thumb Code     0  startup_stm32f446xx.o(.text)
    SPI2_IRQHandler                          0x0800027f   Thumb Code     0  startup_stm32f446xx.o(.text)
    SPI3_IRQHandler                          0x0800027f   Thumb Code     0  startup_stm32f446xx.o(.text)
    SPI4_IRQHandler                          0x0800027f   Thumb Code     0  startup_stm32f446xx.o(.text)
    TAMP_STAMP_IRQHandler                    0x0800027f   Thumb Code     0  startup_stm32f446xx.o(.text)
    TIM1_BRK_TIM9_IRQHandler                 0x0800027f   Thumb Code     0  startup_stm32f446xx.o(.text)
    TIM1_CC_IRQHandler                       0x0800027f   Thumb Code     0  startup_stm32f446xx.o(.text)
    TIM1_TRG_COM_TIM11_IRQHandler            0x0800027f   Thumb Code     0  startup_stm32f446xx.o(.text)
    TIM2_IRQHandler                          0x0800027f   Thumb Code     0  startup_stm32f446xx.o(.text)
    TIM3_IRQHandler                          0x0800027f   Thumb Code     0  startup_stm32f446xx.o(.text)
    TIM4_IRQHandler                          0x0800027f   Thumb Code     0  startup_stm32f446xx.o(.text)
    TIM5_IRQHandler                          0x0800027f   Thumb Code     0  startup_stm32f446xx.o(.text)
    TIM6_DAC_IRQHandler                      0x0800027f   Thumb Code     0  startup_stm32f446xx.o(.text)
    TIM7_IRQHandler                          0x0800027f   Thumb Code     0  startup_stm32f446xx.o(.text)
    TIM8_BRK_TIM12_IRQHandler                0x0800027f   Thumb Code     0  startup_stm32f446xx.o(.text)
    TIM8_CC_IRQHandler                       0x0800027f   Thumb Code     0  startup_stm32f446xx.o(.text)
    TIM8_TRG_COM_TIM14_IRQHandler            0x0800027f   Thumb Code     0  startup_stm32f446xx.o(.text)
    TIM8_UP_TIM13_IRQHandler                 0x0800027f   Thumb Code     0  startup_stm32f446xx.o(.text)
    UART4_IRQHandler                         0x0800027f   Thumb Code     0  startup_stm32f446xx.o(.text)
    UART5_IRQHandler                         0x0800027f   Thumb Code     0  startup_stm32f446xx.o(.text)
    USART1_IRQHandler                        0x0800027f   Thumb Code     0  startup_stm32f446xx.o(.text)
    USART2_IRQHandler                        0x0800027f   Thumb Code     0  startup_stm32f446xx.o(.text)
    USART3_IRQHandler                        0x0800027f   Thumb Code     0  startup_stm32f446xx.o(.text)
    USART6_IRQHandler                        0x0800027f   Thumb Code     0  startup_stm32f446xx.o(.text)
    WWDG_IRQHandler                          0x0800027f   Thumb Code     0  startup_stm32f446xx.o(.text)
    __user_initial_stackheap                 0x08000281   Thumb Code     0  startup_stm32f446xx.o(.text)
    __use_two_region_memory                  0x080002a5   Thumb Code     2  heapauxi.o(.text)
    __rt_heap_escrow$2region                 0x080002a7   Thumb Code     2  heapauxi.o(.text)
    __rt_heap_expand$2region                 0x080002a9   Thumb Code     2  heapauxi.o(.text)
    __user_setup_stackheap                   0x080002ab   Thumb Code    74  sys_stackheap_outer.o(.text)
    exit                                     0x080002f5   Thumb Code    18  exit.o(.text)
    __user_libspace                          0x08000309   Thumb Code     8  libspace.o(.text)
    __user_perproc_libspace                  0x08000309   Thumb Code     0  libspace.o(.text)
    __user_perthread_libspace                0x08000309   Thumb Code     0  libspace.o(.text)
    _sys_exit                                0x08000311   Thumb Code     8  sys_exit.o(.text)
    __I$use$semihosting                      0x0800031d   Thumb Code     0  use_no_semi.o(.text)
    __use_no_semihosting_swi                 0x0800031d   Thumb Code     2  use_no_semi.o(.text)
    __semihosting_library_function           0x0800031f   Thumb Code     0  indicate_semi.o(.text)
    DISP_Init                                0x080004b7   Thumb Code    60  display.o(i.DISP_Init)
    DISP_Update                              0x080004f5   Thumb Code   112  display.o(i.DISP_Update)
    GPIO_ConfgPin_AF                         0x0800056d   Thumb Code    44  gpio_prog.o(i.GPIO_ConfgPin_AF)
    GPIO_ConfgPin_Mode                       0x08000599   Thumb Code    16  gpio_prog.o(i.GPIO_ConfgPin_Mode)
    GPIO_ConfgPin_OP_Type                    0x080005a9   Thumb Code    14  gpio_prog.o(i.GPIO_ConfgPin_OP_Type)
    GPIO_ConfgPin_Pull                       0x080005b7   Thumb Code    16  gpio_prog.o(i.GPIO_ConfgPin_Pull)
    GPIO_ConfgPin_Speed                      0x080005c7   Thumb Code    16  gpio_prog.o(i.GPIO_ConfgPin_Speed)
    GPIO_Init                                0x080005d7   Thumb Code    60  gpio_prog.o(i.GPIO_Init)
    GPIO_InitPortPin                         0x08000615   Thumb Code   136  gpio_prog.o(i.GPIO_InitPortPin)
    GPIO_ReadPortPin                         0x080006b5   Thumb Code    12  gpio_prog.o(i.GPIO_ReadPortPin)
    GPIO_WritePortPin                        0x080006c1   Thumb Code    34  gpio_prog.o(i.GPIO_WritePortPin)
    NVIC_EnableInterrupt                     0x080006e5   Thumb Code   100  nvic.o(i.NVIC_EnableInterrupt)
    NVIC_Init                                0x0800074d   Thumb Code     8  nvic.o(i.NVIC_Init)
    NVIC_SetPeriority                        0x0800075d   Thumb Code     6  nvic.o(i.NVIC_SetPeriority)
    OS_Timer_Init                            0x08000769   Thumb Code    68  main_supportfunctions.o(i.OS_Timer_Init)
    SSD_GetValue                             0x080007b5   Thumb Code     8  ssd.o(i.SSD_GetValue)
    SSD_Init                                 0x080007c1   Thumb Code   170  ssd.o(i.SSD_Init)
    SSD_SetDotState                          0x0800092d   Thumb Code     6  ssd.o(i.SSD_SetDotState)
    SSD_SetState                             0x08000939   Thumb Code    88  ssd.o(i.SSD_SetState)
    SSD_SetValue                             0x0800099d   Thumb Code     6  ssd.o(i.SSD_SetValue)
    SSD_Update                               0x080009a9   Thumb Code    74  ssd.o(i.SSD_Update)
    SW_GetState                              0x08000a01   Thumb Code    14  sw.o(i.SW_GetState)
    SW_Init                                  0x08000a15   Thumb Code   106  sw.o(i.SW_Init)
    SW_Update                                0x08000a89   Thumb Code   288  sw.o(i.SW_Update)
    SystemInit                               0x08000bb5   Thumb Code    82  system_stm32f4xx.o(i.SystemInit)
    TIM1_UP_TIM10_IRQHandler                 0x08000c19   Thumb Code    24  foreground_prog.o(i.TIM1_UP_TIM10_IRQHandler)
    TIME_GetState                            0x08000c31   Thumb Code     6  time.o(i.TIME_GetState)
    TIME_GetTime                             0x08000c3d   Thumb Code    20  time.o(i.TIME_GetTime)
    TIME_Init                                0x08000c55   Thumb Code    12  time.o(i.TIME_Init)
    TIME_Update                              0x08000c65   Thumb Code   284  time.o(i.TIME_Update)
    TIM_ClearFlag                            0x08000dd5   Thumb Code    14  timer_program.o(i.TIM_ClearFlag)
    TIM_Init                                 0x08000de9   Thumb Code   402  timer_program.o(i.TIM_Init)
    TIM_SetARR_Buffer                        0x08000fb5   Thumb Code    34  timer_program.o(i.TIM_SetARR_Buffer)
    TIM_SetCMS_State                         0x08000fd7   Thumb Code    94  timer_program.o(i.TIM_SetCMS_State)
    TIM_SetClkDiv                            0x08001035   Thumb Code    72  timer_program.o(i.TIM_SetClkDiv)
    TIM_SetCounterState                      0x0800107d   Thumb Code    34  timer_program.o(i.TIM_SetCounterState)
    TIM_SetDirection                         0x0800109f   Thumb Code    34  timer_program.o(i.TIM_SetDirection)
    TIM_SetOPM_State                         0x080010c1   Thumb Code    34  timer_program.o(i.TIM_SetOPM_State)
    TIM_SetPeriodValue                       0x080010e3   Thumb Code     4  timer_program.o(i.TIM_SetPeriodValue)
    TIM_SetPrescalerValue                    0x080010e7   Thumb Code     4  timer_program.o(i.TIM_SetPrescalerValue)
    TIM_SetUD_Interrupt                      0x080010eb   Thumb Code    34  timer_program.o(i.TIM_SetUD_Interrupt)
    TIM_SetURS_State                         0x0800110d   Thumb Code    34  timer_program.o(i.TIM_SetURS_State)
    main                                     0x0800112f   Thumb Code    20  digitalclock.o(i.main)
    _fp_init                                 0x08001143   Thumb Code    10  fpinit.o(x$fpl$fpinit)
    __fplib_config_fpu_vfp                   0x0800114b   Thumb Code     0  fpinit.o(x$fpl$fpinit)
    __fplib_config_pureend_doubles           0x0800114b   Thumb Code     0  fpinit.o(x$fpl$fpinit)
    Region$$Table$$Base                      0x0800114c   Number         0  anon$$obj.o(Region$$Table)
    Region$$Table$$Limit                     0x0800116c   Number         0  anon$$obj.o(Region$$Table)
    MILLIS_PRESCALER                         0x20000000   Data           4  main_supportfunctions.o(.data)
    __libspace_start                         0x2000002c   Data          96  libspace.o(.bss)
    __temporary_stack_top$libspace           0x2000008c   Data           0  libspace.o(.bss)



==============================================================================

Memory Map of the image

  Image Entry point : 0x080001c5

  Load Region LR_IROM1 (Base: 0x08000000, Size: 0x00001198, Max: 0x00080000, ABSOLUTE)

    Execution Region ER_IROM1 (Exec base: 0x08000000, Load base: 0x08000000, Size: 0x0000116c, Max: 0x00080000, ABSOLUTE)

    Exec Addr    Load Addr    Size         Type   Attr      Idx    E Section Name        Object

    0x08000000   0x08000000   0x000001c4   Data   RO          481    RESET               startup_stm32f446xx.o
    0x080001c4   0x080001c4   0x00000008   Code   RO          553  * !!!main             c_w.l(__main.o)
    0x080001cc   0x080001cc   0x00000034   Code   RO          710    !!!scatter          c_w.l(__scatter.o)
    0x08000200   0x08000200   0x0000001a   Code   RO          712    !!handler_copy      c_w.l(__scatter_copy.o)
    0x0800021a   0x0800021a   0x00000002   PAD
    0x0800021c   0x0800021c   0x0000001c   Code   RO          714    !!handler_zi        c_w.l(__scatter_zi.o)
    0x08000238   0x08000238   0x00000002   Code   RO          580    .ARM.Collect$$libinit$$00000000  c_w.l(libinit.o)
    0x0800023a   0x0800023a   0x00000004   Code   RO          586    .ARM.Collect$$libinit$$00000001  c_w.l(libinit2.o)
    0x0800023e   0x0800023e   0x00000000   Code   RO          589    .ARM.Collect$$libinit$$00000004  c_w.l(libinit2.o)
    0x0800023e   0x0800023e   0x00000000   Code   RO          592    .ARM.Collect$$libinit$$0000000A  c_w.l(libinit2.o)
    0x0800023e   0x0800023e   0x00000000   Code   RO          594    .ARM.Collect$$libinit$$0000000C  c_w.l(libinit2.o)
    0x0800023e   0x0800023e   0x00000000   Code   RO          596    .ARM.Collect$$libinit$$0000000E  c_w.l(libinit2.o)
    0x0800023e   0x0800023e   0x00000000   Code   RO          599    .ARM.Collect$$libinit$$00000011  c_w.l(libinit2.o)
    0x0800023e   0x0800023e   0x00000000   Code   RO          601    .ARM.Collect$$libinit$$00000013  c_w.l(libinit2.o)
    0x0800023e   0x0800023e   0x00000000   Code   RO          603    .ARM.Collect$$libinit$$00000015  c_w.l(libinit2.o)
    0x0800023e   0x0800023e   0x00000000   Code   RO          605    .ARM.Collect$$libinit$$00000017  c_w.l(libinit2.o)
    0x0800023e   0x0800023e   0x00000000   Code   RO          607    .ARM.Collect$$libinit$$00000019  c_w.l(libinit2.o)
    0x0800023e   0x0800023e   0x00000000   Code   RO          609    .ARM.Collect$$libinit$$0000001B  c_w.l(libinit2.o)
    0x0800023e   0x0800023e   0x00000000   Code   RO          611    .ARM.Collect$$libinit$$0000001D  c_w.l(libinit2.o)
    0x0800023e   0x0800023e   0x00000000   Code   RO          613    .ARM.Collect$$libinit$$0000001F  c_w.l(libinit2.o)
    0x0800023e   0x0800023e   0x00000000   Code   RO          615    .ARM.Collect$$libinit$$00000021  c_w.l(libinit2.o)
    0x0800023e   0x0800023e   0x00000000   Code   RO          617    .ARM.Collect$$libinit$$00000023  c_w.l(libinit2.o)
    0x0800023e   0x0800023e   0x00000000   Code   RO          619    .ARM.Collect$$libinit$$00000025  c_w.l(libinit2.o)
    0x0800023e   0x0800023e   0x00000000   Code   RO          623    .ARM.Collect$$libinit$$0000002C  c_w.l(libinit2.o)
    0x0800023e   0x0800023e   0x00000000   Code   RO          625    .ARM.Collect$$libinit$$0000002E  c_w.l(libinit2.o)
    0x0800023e   0x0800023e   0x00000000   Code   RO          627    .ARM.Collect$$libinit$$00000030  c_w.l(libinit2.o)
    0x0800023e   0x0800023e   0x00000000   Code   RO          629    .ARM.Collect$$libinit$$00000032  c_w.l(libinit2.o)
    0x0800023e   0x0800023e   0x00000002   Code   RO          630    .ARM.Collect$$libinit$$00000033  c_w.l(libinit2.o)
    0x08000240   0x08000240   0x00000002   Code   RO          650    .ARM.Collect$$libshutdown$$00000000  c_w.l(libshutdown.o)
    0x08000242   0x08000242   0x00000000   Code   RO          663    .ARM.Collect$$libshutdown$$00000002  c_w.l(libshutdown2.o)
    0x08000242   0x08000242   0x00000000   Code   RO          665    .ARM.Collect$$libshutdown$$00000004  c_w.l(libshutdown2.o)
    0x08000242   0x08000242   0x00000000   Code   RO          668    .ARM.Collect$$libshutdown$$00000007  c_w.l(libshutdown2.o)
    0x08000242   0x08000242   0x00000000   Code   RO          671    .ARM.Collect$$libshutdown$$0000000A  c_w.l(libshutdown2.o)
    0x08000242   0x08000242   0x00000000   Code   RO          673    .ARM.Collect$$libshutdown$$0000000C  c_w.l(libshutdown2.o)
    0x08000242   0x08000242   0x00000000   Code   RO          676    .ARM.Collect$$libshutdown$$0000000F  c_w.l(libshutdown2.o)
    0x08000242   0x08000242   0x00000002   Code   RO          677    .ARM.Collect$$libshutdown$$00000010  c_w.l(libshutdown2.o)
    0x08000244   0x08000244   0x00000000   Code   RO          555    .ARM.Collect$$rtentry$$00000000  c_w.l(__rtentry.o)
    0x08000244   0x08000244   0x00000000   Code   RO          557    .ARM.Collect$$rtentry$$00000002  c_w.l(__rtentry2.o)
    0x08000244   0x08000244   0x00000006   Code   RO          569    .ARM.Collect$$rtentry$$00000004  c_w.l(__rtentry4.o)
    0x0800024a   0x0800024a   0x00000000   Code   RO          559    .ARM.Collect$$rtentry$$00000009  c_w.l(__rtentry2.o)
    0x0800024a   0x0800024a   0x00000004   Code   RO          560    .ARM.Collect$$rtentry$$0000000A  c_w.l(__rtentry2.o)
    0x0800024e   0x0800024e   0x00000000   Code   RO          562    .ARM.Collect$$rtentry$$0000000C  c_w.l(__rtentry2.o)
    0x0800024e   0x0800024e   0x00000008   Code   RO          563    .ARM.Collect$$rtentry$$0000000D  c_w.l(__rtentry2.o)
    0x08000256   0x08000256   0x00000002   Code   RO          584    .ARM.Collect$$rtexit$$00000000  c_w.l(rtexit.o)
    0x08000258   0x08000258   0x00000000   Code   RO          632    .ARM.Collect$$rtexit$$00000002  c_w.l(rtexit2.o)
    0x08000258   0x08000258   0x00000004   Code   RO          633    .ARM.Collect$$rtexit$$00000003  c_w.l(rtexit2.o)
    0x0800025c   0x0800025c   0x00000006   Code   RO          634    .ARM.Collect$$rtexit$$00000004  c_w.l(rtexit2.o)
    0x08000262   0x08000262   0x00000002   PAD
    0x08000264   0x08000264   0x00000040   Code   RO          482    .text               startup_stm32f446xx.o
    0x080002a4   0x080002a4   0x00000006   Code   RO          551    .text               c_w.l(heapauxi.o)
    0x080002aa   0x080002aa   0x0000004a   Code   RO          571    .text               c_w.l(sys_stackheap_outer.o)
    0x080002f4   0x080002f4   0x00000012   Code   RO          573    .text               c_w.l(exit.o)
    0x08000306   0x08000306   0x00000002   PAD
    0x08000308   0x08000308   0x00000008   Code   RO          581    .text               c_w.l(libspace.o)
    0x08000310   0x08000310   0x0000000c   Code   RO          642    .text               c_w.l(sys_exit.o)
    0x0800031c   0x0800031c   0x00000002   Code   RO          653    .text               c_w.l(use_no_semi.o)
    0x0800031e   0x0800031e   0x00000000   Code   RO          655    .text               c_w.l(indicate_semi.o)
    0x0800031e   0x0800031e   0x00000002   PAD
    0x08000320   0x08000320   0x00000028   Code   RO          270    i.DISPToggleSecondsState  display.o
    0x08000348   0x08000348   0x0000008c   Code   RO          271    i.DISP_BlinkHours   display.o
    0x080003d4   0x080003d4   0x00000088   Code   RO          272    i.DISP_BlinkMinutes  display.o
    0x0800045c   0x0800045c   0x0000005a   Code   RO          273    i.DISP_BlinkSeconds  display.o
    0x080004b6   0x080004b6   0x0000003c   Code   RO          274    i.DISP_Init         display.o
    0x080004f2   0x080004f2   0x00000002   PAD
    0x080004f4   0x080004f4   0x00000078   Code   RO          275    i.DISP_Update       display.o
    0x0800056c   0x0800056c   0x0000002c   Code   RO            1    i.GPIO_ConfgPin_AF  gpio_prog.o
    0x08000598   0x08000598   0x00000010   Code   RO            2    i.GPIO_ConfgPin_Mode  gpio_prog.o
    0x080005a8   0x080005a8   0x0000000e   Code   RO            3    i.GPIO_ConfgPin_OP_Type  gpio_prog.o
    0x080005b6   0x080005b6   0x00000010   Code   RO            4    i.GPIO_ConfgPin_Pull  gpio_prog.o
    0x080005c6   0x080005c6   0x00000010   Code   RO            5    i.GPIO_ConfgPin_Speed  gpio_prog.o
    0x080005d6   0x080005d6   0x0000003c   Code   RO            6    i.GPIO_Init         gpio_prog.o
    0x08000612   0x08000612   0x00000002   PAD
    0x08000614   0x08000614   0x000000a0   Code   RO            7    i.GPIO_InitPortPin  gpio_prog.o
    0x080006b4   0x080006b4   0x0000000c   Code   RO            8    i.GPIO_ReadPortPin  gpio_prog.o
    0x080006c0   0x080006c0   0x00000022   Code   RO            9    i.GPIO_WritePortPin  gpio_prog.o
    0x080006e2   0x080006e2   0x00000002   PAD
    0x080006e4   0x080006e4   0x00000068   Code   RO           83    i.NVIC_EnableInterrupt  nvic.o
    0x0800074c   0x0800074c   0x00000010   Code   RO           86    i.NVIC_Init         nvic.o
    0x0800075c   0x0800075c   0x0000000c   Code   RO           88    i.NVIC_SetPeriority  nvic.o
    0x08000768   0x08000768   0x0000004c   Code   RO          249    i.OS_Timer_Init     main_supportfunctions.o
    0x080007b4   0x080007b4   0x0000000c   Code   RO          326    i.SSD_GetValue      ssd.o
    0x080007c0   0x080007c0   0x000000b4   Code   RO          327    i.SSD_Init          ssd.o
    0x08000874   0x08000874   0x000000b8   Code   RO          328    i.SSD_Out           ssd.o
    0x0800092c   0x0800092c   0x0000000c   Code   RO          329    i.SSD_SetDotState   ssd.o
    0x08000938   0x08000938   0x00000064   Code   RO          330    i.SSD_SetState      ssd.o
    0x0800099c   0x0800099c   0x0000000c   Code   RO          331    i.SSD_SetValue      ssd.o
    0x080009a8   0x080009a8   0x00000058   Code   RO          332    i.SSD_Update        ssd.o
    0x08000a00   0x08000a00   0x00000014   Code   RO          380    i.SW_GetState       sw.o
    0x08000a14   0x08000a14   0x00000074   Code   RO          381    i.SW_Init           sw.o
    0x08000a88   0x08000a88   0x0000012c   Code   RO          382    i.SW_Update         sw.o
    0x08000bb4   0x08000bb4   0x00000064   Code   RO          491    i.SystemInit        system_stm32f4xx.o
    0x08000c18   0x08000c18   0x00000018   Code   RO          455    i.TIM1_UP_TIM10_IRQHandler  foreground_prog.o
    0x08000c30   0x08000c30   0x0000000c   Code   RO          408    i.TIME_GetState     time.o
    0x08000c3c   0x08000c3c   0x00000018   Code   RO          409    i.TIME_GetTime      time.o
    0x08000c54   0x08000c54   0x00000010   Code   RO          410    i.TIME_Init         time.o
    0x08000c64   0x08000c64   0x0000012c   Code   RO          411    i.TIME_Update       time.o
    0x08000d90   0x08000d90   0x00000044   Code   RO          412    i.TIME_UpdateTime   time.o
    0x08000dd4   0x08000dd4   0x00000014   Code   RO          165    i.TIM_ClearFlag     timer_program.o
    0x08000de8   0x08000de8   0x000001cc   Code   RO          166    i.TIM_Init          timer_program.o
    0x08000fb4   0x08000fb4   0x00000022   Code   RO          167    i.TIM_SetARR_Buffer  timer_program.o
    0x08000fd6   0x08000fd6   0x0000005e   Code   RO          168    i.TIM_SetCMS_State  timer_program.o
    0x08001034   0x08001034   0x00000048   Code   RO          169    i.TIM_SetClkDiv     timer_program.o
    0x0800107c   0x0800107c   0x00000022   Code   RO          170    i.TIM_SetCounterState  timer_program.o
    0x0800109e   0x0800109e   0x00000022   Code   RO          171    i.TIM_SetDirection  timer_program.o
    0x080010c0   0x080010c0   0x00000022   Code   RO          172    i.TIM_SetOPM_State  timer_program.o
    0x080010e2   0x080010e2   0x00000004   Code   RO          173    i.TIM_SetPeriodValue  timer_program.o
    0x080010e6   0x080010e6   0x00000004   Code   RO          174    i.TIM_SetPrescalerValue  timer_program.o
    0x080010ea   0x080010ea   0x00000022   Code   RO          175    i.TIM_SetUD_Interrupt  timer_program.o
    0x0800110c   0x0800110c   0x00000022   Code   RO          176    i.TIM_SetURS_State  timer_program.o
    0x0800112e   0x0800112e   0x00000014   Code   RO          467    i.main              digitalclock.o
    0x08001142   0x08001142   0x0000000a   Code   RO          640    x$fpl$fpinit        fz_wm.l(fpinit.o)
    0x0800114c   0x0800114c   0x00000020   Data   RO          708    Region$$Table       anon$$obj.o


    Execution Region RW_IRAM1 (Exec base: 0x20000000, Load base: 0x0800116c, Size: 0x00000690, Max: 0x00020000, ABSOLUTE)

    Exec Addr    Load Addr    Size         Type   Attr      Idx    E Section Name        Object

    0x20000000   0x0800116c   0x00000004   Data   RW          250    .data               main_supportfunctions.o
    0x20000004   0x08001170   0x00000006   Data   RW          276    .data               display.o
    0x2000000a   0x08001176   0x00000014   Data   RW          333    .data               ssd.o
    0x2000001e   0x0800118a   0x00000006   Data   RW          383    .data               sw.o
    0x20000024   0x08001190   0x00000008   Data   RW          413    .data               time.o
    0x2000002c        -       0x00000060   Zero   RW          582    .bss                c_w.l(libspace.o)
    0x2000008c   0x08001198   0x00000004   PAD
    0x20000090        -       0x00000200   Zero   RW          480    HEAP                startup_stm32f446xx.o
    0x20000290        -       0x00000400   Zero   RW          479    STACK               startup_stm32f446xx.o


==============================================================================

Image component sizes


      Code (inc. data)   RO Data    RW Data    ZI Data      Debug   Object Name

        20          0          0          0          0        467   digitalclock.o
       586         30          0          6          0       5234   display.o
        24          0          0          0          0        507   foreground_prog.o
       372         24          0          0          0      10257   gpio_prog.o
        76          8          0          4          0        751   main_supportfunctions.o
       132         18          0          0          0       3583   nvic.o
       588         62          0         20          0       4339   ssd.o
        64         26        452          0       1536        896   startup_stm32f446xx.o
       436         28          0          6          0       2372   sw.o
       100         18          0          0          0        525   system_stm32f4xx.o
       420         34          0          8          0       3093   time.o
       858         64          0          0          0      10604   timer_program.o

    ----------------------------------------------------------------------
      3682        312        484         44       1536      42628   Object Totals
         0          0         32          0          0          0   (incl. Generated)
         6          0          0          0          0          0   (incl. Padding)

    ----------------------------------------------------------------------

      Code (inc. data)   RO Data    RW Data    ZI Data      Debug   Library Member Name

         8          0          0          0          0         68   __main.o
         0          0          0          0          0          0   __rtentry.o
        12          0          0          0          0          0   __rtentry2.o
         6          0          0          0          0          0   __rtentry4.o
        52          8          0          0          0          0   __scatter.o
        26          0          0          0          0          0   __scatter_copy.o
        28          0          0          0          0          0   __scatter_zi.o
        18          0          0          0          0         80   exit.o
         6          0          0          0          0        152   heapauxi.o
         0          0          0          0          0          0   indicate_semi.o
         2          0          0          0          0          0   libinit.o
         6          0          0          0          0          0   libinit2.o
         2          0          0          0          0          0   libshutdown.o
         2          0          0          0          0          0   libshutdown2.o
         8          4          0          0         96         68   libspace.o
         2          0          0          0          0          0   rtexit.o
        10          0          0          0          0          0   rtexit2.o
        12          4          0          0          0         68   sys_exit.o
        74          0          0          0          0         80   sys_stackheap_outer.o
         2          0          0          0          0         68   use_no_semi.o
        10          0          0          0          0        116   fpinit.o

    ----------------------------------------------------------------------
       294         16          0          0        100        700   Library Totals
         8          0          0          0          4          0   (incl. Padding)

    ----------------------------------------------------------------------

      Code (inc. data)   RO Data    RW Data    ZI Data      Debug   Library Name

       276         16          0          0         96        584   c_w.l
        10          0          0          0          0        116   fz_wm.l

    ----------------------------------------------------------------------
       294         16          0          0        100        700   Library Totals

    ----------------------------------------------------------------------

==============================================================================


      Code (inc. data)   RO Data    RW Data    ZI Data      Debug   

      3976        328        484         44       1636      38772   Grand Totals
      3976        328        484         44       1636      38772   ELF Image Totals
      3976        328        484         44          0          0   ROM Totals

==============================================================================

    Total RO  Size (Code + RO Data)                 4460 (   4.36kB)
    Total RW  Size (RW Data + ZI Data)              1680 (   1.64kB)
    Total ROM Size (Code + RO Data + RW Data)       4504 (   4.40kB)

==============================================================================

